// Jest Snapshot v1, https://goo.gl/fbAQLP

exports[`The Keyboard is working the Keyboard renders correctly 1`] = `
<div
  className="options"
>
  <button
    className="option blue"
    data-testid="AC"
    onClick={[Function]}
    type="button"
    value="AC"
  >
    <span>
      AC
    </span>
  </button>
  <button
    className="option blue"
    data-testid="+/-"
    onClick={[Function]}
    type="button"
    value="+/-"
  >
    <span>
      +/-
    </span>
  </button>
  <button
    className="option blue"
    data-testid="%"
    onClick={[Function]}
    type="button"
    value="%"
  >
    <span>
      %
    </span>
  </button>
  <button
    className="option blue"
    data-testid="รท"
    onClick={[Function]}
    type="button"
    value="รท"
  >
    <span>
      รท
    </span>
  </button>
  <button
    className="option"
    data-testid="7"
    onClick={[Function]}
    type="button"
    value="7"
  >
    <span>
      7
    </span>
  </button>
  <button
    className="option"
    data-testid="8"
    onClick={[Function]}
    type="button"
    value="8"
  >
    <span>
      8
    </span>
  </button>
  <button
    className="option"
    data-testid="9"
    onClick={[Function]}
    type="button"
    value="9"
  >
    <span>
      9
    </span>
  </button>
  <button
    className="option blue"
    data-testid="x"
    onClick={[Function]}
    type="button"
    value="x"
  >
    <span>
      x
    </span>
  </button>
  <button
    className="option"
    data-testid="4"
    onClick={[Function]}
    type="button"
    value="4"
  >
    <span>
      4
    </span>
  </button>
  <button
    className="option"
    data-testid="5"
    onClick={[Function]}
    type="button"
    value="5"
  >
    <span>
      5
    </span>
  </button>
  <button
    className="option"
    data-testid="6"
    onClick={[Function]}
    type="button"
    value="6"
  >
    <span>
      6
    </span>
  </button>
  <button
    className="option blue"
    data-testid="-"
    onClick={[Function]}
    type="button"
    value="-"
  >
    <span>
      -
    </span>
  </button>
  <button
    className="option"
    data-testid="1"
    onClick={[Function]}
    type="button"
    value="1"
  >
    <span>
      1
    </span>
  </button>
  <button
    className="option"
    data-testid="2"
    onClick={[Function]}
    type="button"
    value="2"
  >
    <span>
      2
    </span>
  </button>
  <button
    className="option"
    data-testid="3"
    onClick={[Function]}
    type="button"
    value="3"
  >
    <span>
      3
    </span>
  </button>
  <button
    className="option blue"
    data-testid="+"
    onClick={[Function]}
    type="button"
    value="+"
  >
    <span>
      +
    </span>
  </button>
  <button
    className="option zero"
    data-testid="0"
    onClick={[Function]}
    type="button"
    value="0"
  >
    <span>
      0
    </span>
  </button>
  <button
    className="option"
    data-testid="."
    onClick={[Function]}
    type="button"
    value="."
  >
    <span>
      .
    </span>
  </button>
  <button
    className="option blue"
    data-testid="="
    onClick={[Function]}
    type="button"
    value="="
  >
    <span>
      =
    </span>
  </button>
</div>
`;
